19:41:53 **** Build of configuration Debug for project test ****
make all 
'Building file: ../src/fft.c'
'Invoking: MicroBlaze gcc compiler'
mb-gcc -Wall -O0 -g3 -c -fmessage-length=0 -MT"src/fft.o" -I../../test_bsp/microblaze_0/include -mlittle-endian -mxl-barrel-shift -mcpu=v11.0 -mno-xl-soft-mul -Wl,--no-relax -ffunction-sections -fdata-sections -MMD -MP -MF"src/fft.d" -MT"src/fft.o" -o "src/fft.o" "../src/fft.c"
In file included from ../src/fft.c:3:
../src/trig.h:15: warning: "PI" redefined
 #define PI 3.14159265
 
In file included from ../src/fft.c:1:
../src/fft.h:28: note: this is the location of the previous definition
 #define PI 3.141592//65358979323846
 
'Finished building: ../src/fft.c'
' '
'Building file: ../src/main.c'
'Invoking: MicroBlaze gcc compiler'
mb-gcc -Wall -O0 -g3 -c -fmessage-length=0 -MT"src/main.o" -I../../test_bsp/microblaze_0/include -mlittle-endian -mxl-barrel-shift -mcpu=v11.0 -mno-xl-soft-mul -Wl,--no-relax -ffunction-sections -fdata-sections -MMD -MP -MF"src/main.d" -MT"src/main.o" -o "src/main.o" "../src/main.c"
In file included from ../src/main.c:45:
../src/trig.h:15: warning: "PI" redefined
 #define PI 3.14159265
 
In file included from ../src/main.c:44:
../src/fft.h:28: note: this is the location of the previous definition
 #define PI 3.141592//65358979323846
 
../src/main.c: In function 'main':
../src/main.c:107:4: warning: implicit declaration of function 'Initialize' [-Wimplicit-function-declaration]
    Initialize();
    ^~~~~~~~~~
'Finished building: ../src/main.c'
' '
'Building file: ../src/platform.c'
'Invoking: MicroBlaze gcc compiler'
mb-gcc -Wall -O0 -g3 -c -fmessage-length=0 -MT"src/platform.o" -I../../test_bsp/microblaze_0/include -mlittle-endian -mxl-barrel-shift -mcpu=v11.0 -mno-xl-soft-mul -Wl,--no-relax -ffunction-sections -fdata-sections -MMD -MP -MF"src/platform.d" -MT"src/platform.o" -o "src/platform.o" "../src/platform.c"
'Finished building: ../src/platform.c'
' '
'Building file: ../src/trig.c'
'Invoking: MicroBlaze gcc compiler'
mb-gcc -Wall -O0 -g3 -c -fmessage-length=0 -MT"src/trig.o" -I../../test_bsp/microblaze_0/include -mlittle-endian -mxl-barrel-shift -mcpu=v11.0 -mno-xl-soft-mul -Wl,--no-relax -ffunction-sections -fdata-sections -MMD -MP -MF"src/trig.d" -MT"src/trig.o" -o "src/trig.o" "../src/trig.c"
../src/trig.c: In function 'Initialize':
../src/trig.c:32:3: warning: implicit declaration of function 'printf' [-Wimplicit-function-declaration]
   printf("Initializing... (%d/%d)\n\r", (r+1),512);
   ^~~~~~
../src/trig.c:32:3: warning: incompatible implicit declaration of built-in function 'printf'
../src/trig.c:32:3: note: include '<stdio.h>' or provide a declaration of 'printf'
../src/trig.c:4:1:
+#include <stdio.h>
 
../src/trig.c:32:3:
   printf("Initializing... (%d/%d)\n\r", (r+1),512);
   ^~~~~~
'Finished building: ../src/trig.c'
' '
'Building target: test.elf'
'Invoking: MicroBlaze gcc linker'
mb-gcc -Wl,-T -Wl,../src/lscript.ld -L../../test_bsp/microblaze_0/lib -mlittle-endian -mxl-barrel-shift -mcpu=v11.0 -mno-xl-soft-mul -Wl,--no-relax -Wl,--gc-sections -o "test.elf"  ./src/complex.o ./src/fft.o ./src/main.o ./src/note.o ./src/platform.o ./src/stream_grabber.o ./src/trig.o   -Wl,--start-group,-lxil,-lgcc,-lc,--end-group
'Finished building target: test.elf'
' '
'Invoking: MicroBlaze Print Size'
mb-size test.elf  |tee "test.elf.size"
   text	   data	    bss	    dec	    hex	filename
  76840	   1780	  59500	 138120	  21b88	test.elf
'Finished building: test.elf.size'
' '

19:41:55 Build Finished (took 2s.306ms)

